<html>
<body>
<pre>
<h1>µVision Build Log</h1>
<h2>Tool Versions:</h2>
IDE-Version: µVision V5.36.0.0
Copyright (C) 2021 ARM Ltd and ARM Germany GmbH. All rights reserved.
License Information: Laura Oliveira, UTFPR, LIC=----
 
Tool Versions:
Toolchain:       MDK-Lite  Version: 5.36.0.0
Toolchain Path:  C:\Keil_v5\ARM\ARMCC\Bin
C Compiler:      Armcc.exe V5.06 update 7 (build 960)
Assembler:       Armasm.exe V5.06 update 7 (build 960)
Linker/Locator:  ArmLink.exe V5.06 update 7 (build 960)
Library Manager: ArmAr.exe V5.06 update 7 (build 960)
Hex Converter:   FromElf.exe V5.06 update 7 (build 960)
CPU DLL:         SARMCM3.DLL V5.36.0.0
Dialog DLL:      DCM.DLL V1.17.3.0
Target DLL:      lmidk-agdi.dll V???
Dialog DLL:      TCM.DLL V1.53.0.0
 
<h2>Project:</h2>
C:\Users\laura\OneDrive\Documentos\Micro\Temporizador\exemplo.uvprojx
Project File Date:  05/05/2026

<h2>Output:</h2>
*** Using Compiler 'V5.06 update 7 (build 960)', folder: 'C:\Keil_v5\ARM\ARMCC\Bin'
Build target 'Target 1'
compiling gpio.c...
gpio.c(50): warning:  #61-D: integer operation result is out of range
  	NVIC_PRI5_R = 4 << 29;
gpio.c(50): warning:  #68-D: integer conversion resulted in a change of sign
  	NVIC_PRI5_R = 4 << 29;
gpio.c(114): warning:  #61-D: integer operation result is out of range
  	NVIC_PRI12_R = 5 << 29;
gpio.c(114): warning:  #68-D: integer conversion resulted in a change of sign
  	NVIC_PRI12_R = 5 << 29;
gpio.c: 4 warnings, 0 errors
linking...
Program Size: Code=1780 RO-data=16 RW-data=0 ZI-data=1120  
".\Objects\exemplo.axf" - 0 Error(s), 4 Warning(s).

<h2>Software Packages used:</h2>

Package Vendor: Keil
                http://www.keil.com/pack/Keil.TM4C_DFP.1.1.0.pack
                Keil.TM4C_DFP.1.1.0
                Texas Instruments Tiva C Series Device Support and Examples

<h2>Collection of Component include folders:</h2>
  C:\Users\laura\AppData\Local\Arm\Packs\Keil\TM4C_DFP\1.1.0\Device\Include\TM4C129

<h2>Collection of Component Files used:</h2>
Build Time Elapsed:  00:00:01
</pre>
</body>
</html>
