Component: ARM Compiler 5.06 update 7 (build 960) Tool: armlink [4d3601]

==============================================================================

Section Cross References

    startup.o(STACK) refers (Special) to heapauxi.o(.text) for __use_two_region_memory
    startup.o(HEAP) refers (Special) to heapauxi.o(.text) for __use_two_region_memory
    startup.o(RESET) refers (Special) to heapauxi.o(.text) for __use_two_region_memory
    startup.o(RESET) refers to startup.o(STACK) for StackMem
    startup.o(RESET) refers to gpio.o(i.Timer0A_Handler) for Timer0A_Handler
    startup.o(RESET) refers to gpio.o(i.Timer2A_Handler) for Timer2A_Handler
    startup.o(RESET) refers to __main.o(!!!main) for __main
    startup.o(.text) refers (Special) to heapauxi.o(.text) for __use_two_region_memory
    startup.o(.text) refers to startup.o(HEAP) for HeapMem
    startup.o(.text) refers to startup.o(STACK) for StackMem
    main.o(i.calculaDuty) refers to gpio.o(.data) for duty
    main.o(i.colocarEstado) refers to main.o(.data) for modo
    main.o(i.main) refers to _printf_percent.o(.ARM.Collect$$_printf_percent$$00000000) for _printf_percent
    main.o(i.main) refers to _printf_d.o(.ARM.Collect$$_printf_percent$$00000009) for _printf_d
    main.o(i.main) refers to _printf_dec.o(.text) for _printf_int_dec
    main.o(i.main) refers to utils.o(.text) for PLL_Init
    main.o(i.main) refers to gpio.o(i.GPIO_Init) for GPIO_Init
    main.o(i.main) refers to gpio.o(i.LCD_Init) for LCD_Init
    main.o(i.main) refers to gpio.o(i.varreTeclado) for varreTeclado
    main.o(i.main) refers to main.o(i.colocarEstado) for colocarEstado
    main.o(i.main) refers to main.o(i.mostrarInformacao) for mostrarInformacao
    main.o(i.main) refers to main.o(i.calculaDuty) for calculaDuty
    main.o(i.main) refers to dflt_clz.o(x$fpl$dflt) for __aeabi_i2d
    main.o(i.main) refers to dmul.o(x$fpl$dmul) for __aeabi_dmul
    main.o(i.main) refers to daddsub_clz.o(x$fpl$dadd) for __aeabi_dadd
    main.o(i.main) refers to dfix.o(x$fpl$dfix) for __aeabi_d2iz
    main.o(i.main) refers to noretval__2sprintf.o(.text) for __2sprintf
    main.o(i.main) refers to main.o(.data) for tecla
    main.o(i.main) refers to gpio.o(.data) for angulo
    main.o(i.main) refers to main.o(.bss) for posS
    main.o(i.mostrarInformacao) refers to gpio.o(i.LCD_Init) for LCD_Init
    main.o(i.mostrarInformacao) refers to main.o(i.printLCD) for printLCD
    main.o(i.mostrarInformacao) refers to gpio.o(i.pulaLinha) for pulaLinha
    main.o(i.mostrarInformacao) refers to main.o(.data) for modo
    main.o(i.printLCD) refers to gpio.o(i.escreveLCD) for escreveLCD
    gpio.o(i.LCD_Init) refers to utils.o(.text) for SysTick_Wait1us
    gpio.o(i.LCD_Reset) refers to utils.o(.text) for SysTick_Wait1us
    gpio.o(i.Timer0A_Handler) refers to gpio.o(.data) for porta
    gpio.o(i.Timer2A_Handler) refers to gpio.o(.data) for angulo
    gpio.o(i.escreveLCD) refers to utils.o(.text) for SysTick_Wait1us
    gpio.o(i.pulaLinha) refers to utils.o(.text) for SysTick_Wait1us
    gpio.o(i.retornarCursor) refers to utils.o(.text) for SysTick_Wait1us
    gpio.o(i.varreTeclado) refers to utils.o(.text) for SysTick_Wait1ms
    __2sprintf.o(.text) refers to _printf_char_common.o(.text) for _printf_char_common
    __2sprintf.o(.text) refers to _sputc.o(.text) for _sputc
    noretval__2sprintf.o(.text) refers to _printf_char_common.o(.text) for _printf_char_common
    noretval__2sprintf.o(.text) refers to _sputc.o(.text) for _sputc
    __printf.o(.text) refers to _printf_percent.o(.ARM.Collect$$_printf_percent$$00000000) for _printf_percent
    _printf_dec.o(.text) refers to _printf_intcommon.o(.text) for _printf_int_common
    __printf_flags.o(.text) refers to _printf_percent.o(.ARM.Collect$$_printf_percent$$00000000) for _printf_percent
    __printf_flags.o(.text) refers to __printf_flags.o(.constdata) for .constdata
    __printf_ss.o(.text) refers to _printf_percent.o(.ARM.Collect$$_printf_percent$$00000000) for _printf_percent
    __printf_flags_ss.o(.text) refers to _printf_percent.o(.ARM.Collect$$_printf_percent$$00000000) for _printf_percent
    __printf_flags_ss.o(.text) refers to __printf_flags_ss.o(.constdata) for .constdata
    __printf_wp.o(.text) refers to __printf_wp.o(i._is_digit) for _is_digit
    __printf_wp.o(.text) refers to _printf_percent.o(.ARM.Collect$$_printf_percent$$00000000) for _printf_percent
    __printf_flags_wp.o(.text) refers to __printf_wp.o(i._is_digit) for _is_digit
    __printf_flags_wp.o(.text) refers to _printf_percent.o(.ARM.Collect$$_printf_percent$$00000000) for _printf_percent
    __printf_flags_wp.o(.text) refers to __printf_flags_wp.o(.constdata) for .constdata
    __printf_ss_wp.o(.text) refers to __printf_wp.o(i._is_digit) for _is_digit
    __printf_ss_wp.o(.text) refers to _printf_percent.o(.ARM.Collect$$_printf_percent$$00000000) for _printf_percent
    __printf_flags_ss_wp.o(.text) refers to __printf_wp.o(i._is_digit) for _is_digit
    __printf_flags_ss_wp.o(.text) refers to _printf_percent.o(.ARM.Collect$$_printf_percent$$00000000) for _printf_percent
    __printf_flags_ss_wp.o(.text) refers to __printf_flags_ss_wp.o(.constdata) for .constdata
    _printf_d.o(.ARM.Collect$$_printf_percent$$00000009) refers (Weak) to _printf_dec.o(.text) for _printf_int_dec
    _printf_percent.o(.ARM.Collect$$_printf_percent$$00000000) refers (Special) to _printf_percent_end.o(.ARM.Collect$$_printf_percent$$00000017) for _printf_percent_end
    __main.o(!!!main) refers to __rtentry.o(.ARM.Collect$$rtentry$$00000000) for __rt_entry
    daddsub_clz.o(x$fpl$dadd) refers (Special) to usenofp.o(x$fpl$usenofp) for __I$use$fp
    daddsub_clz.o(x$fpl$dadd) refers to daddsub_clz.o(x$fpl$dsub) for _dsub1
    daddsub_clz.o(x$fpl$dadd) refers to dretinf.o(x$fpl$dretinf) for __fpl_dretinf
    daddsub_clz.o(x$fpl$dadd) refers to dnaninf.o(x$fpl$dnaninf) for __fpl_dnaninf
    daddsub_clz.o(x$fpl$drsb) refers (Special) to usenofp.o(x$fpl$usenofp) for __I$use$fp
    daddsub_clz.o(x$fpl$drsb) refers to daddsub_clz.o(x$fpl$dadd) for _dadd1
    daddsub_clz.o(x$fpl$drsb) refers to daddsub_clz.o(x$fpl$dsub) for _dsub1
    daddsub_clz.o(x$fpl$dsub) refers (Special) to usenofp.o(x$fpl$usenofp) for __I$use$fp
    daddsub_clz.o(x$fpl$dsub) refers to daddsub_clz.o(x$fpl$dadd) for _dadd1
    daddsub_clz.o(x$fpl$dsub) refers to dnaninf.o(x$fpl$dnaninf) for __fpl_dnaninf
    dfix.o(x$fpl$dfix) refers (Special) to usenofp.o(x$fpl$usenofp) for __I$use$fp
    dfix.o(x$fpl$dfix) refers to dnaninf.o(x$fpl$dnaninf) for __fpl_dnaninf
    dfix.o(x$fpl$dfixr) refers (Special) to usenofp.o(x$fpl$usenofp) for __I$use$fp
    dfix.o(x$fpl$dfixr) refers to dnaninf.o(x$fpl$dnaninf) for __fpl_dnaninf
    dflt_clz.o(x$fpl$dfltu) refers (Special) to usenofp.o(x$fpl$usenofp) for __I$use$fp
    dflt_clz.o(x$fpl$dflt) refers (Special) to usenofp.o(x$fpl$usenofp) for __I$use$fp
    dflt_clz.o(x$fpl$dfltn) refers (Special) to usenofp.o(x$fpl$usenofp) for __I$use$fp
    dmul.o(x$fpl$dmul) refers (Special) to usenofp.o(x$fpl$usenofp) for __I$use$fp
    dmul.o(x$fpl$dmul) refers to dretinf.o(x$fpl$dretinf) for __fpl_dretinf
    dmul.o(x$fpl$dmul) refers to dnaninf.o(x$fpl$dnaninf) for __fpl_dnaninf
    __rtentry.o(.ARM.Collect$$rtentry$$00000000) refers (Special) to __rtentry2.o(.ARM.Collect$$rtentry$$0000000A) for __rt_entry_li
    __rtentry.o(.ARM.Collect$$rtentry$$00000000) refers (Special) to __rtentry2.o(.ARM.Collect$$rtentry$$0000000D) for __rt_entry_main
    __rtentry.o(.ARM.Collect$$rtentry$$00000000) refers (Special) to __rtentry2.o(.ARM.Collect$$rtentry$$0000000C) for __rt_entry_postli_1
    __rtentry.o(.ARM.Collect$$rtentry$$00000000) refers (Special) to __rtentry2.o(.ARM.Collect$$rtentry$$00000009) for __rt_entry_postsh_1
    __rtentry.o(.ARM.Collect$$rtentry$$00000000) refers (Special) to __rtentry2.o(.ARM.Collect$$rtentry$$00000002) for __rt_entry_presh_1
    __rtentry.o(.ARM.Collect$$rtentry$$00000000) refers (Special) to __rtentry4.o(.ARM.Collect$$rtentry$$00000004) for __rt_entry_sh
    _printf_char_common.o(.text) refers to __printf.o(.text) for __printf
    dnaninf.o(x$fpl$dnaninf) refers (Special) to usenofp.o(x$fpl$usenofp) for __I$use$fp
    dretinf.o(x$fpl$dretinf) refers (Special) to usenofp.o(x$fpl$usenofp) for __I$use$fp
    __rtentry2.o(.ARM.Collect$$rtentry$$00000008) refers to boardinit2.o(.text) for _platform_post_stackheap_init
    __rtentry2.o(.ARM.Collect$$rtentry$$0000000A) refers to libinit.o(.ARM.Collect$$libinit$$00000000) for __rt_lib_init
    __rtentry2.o(.ARM.Collect$$rtentry$$0000000B) refers to boardinit3.o(.text) for _platform_post_lib_init
    __rtentry2.o(.ARM.Collect$$rtentry$$0000000D) refers to main.o(i.main) for main
    __rtentry2.o(.ARM.Collect$$rtentry$$0000000D) refers to exit.o(.text) for exit
    __rtentry2.o(.ARM.exidx) refers to __rtentry2.o(.ARM.Collect$$rtentry$$00000001) for .ARM.Collect$$rtentry$$00000001
    __rtentry2.o(.ARM.exidx) refers to __rtentry2.o(.ARM.Collect$$rtentry$$00000008) for .ARM.Collect$$rtentry$$00000008
    __rtentry2.o(.ARM.exidx) refers to __rtentry2.o(.ARM.Collect$$rtentry$$0000000A) for .ARM.Collect$$rtentry$$0000000A
    __rtentry2.o(.ARM.exidx) refers to __rtentry2.o(.ARM.Collect$$rtentry$$0000000B) for .ARM.Collect$$rtentry$$0000000B
    __rtentry2.o(.ARM.exidx) refers to __rtentry2.o(.ARM.Collect$$rtentry$$0000000D) for .ARM.Collect$$rtentry$$0000000D
    __rtentry4.o(.ARM.Collect$$rtentry$$00000004) refers to sys_stackheap_outer.o(.text) for __user_setup_stackheap
    __rtentry4.o(.ARM.exidx) refers to __rtentry4.o(.ARM.Collect$$rtentry$$00000004) for .ARM.Collect$$rtentry$$00000004
    sys_stackheap_outer.o(.text) refers to libspace.o(.text) for __user_perproc_libspace
    sys_stackheap_outer.o(.text) refers to startup.o(.text) for __user_initial_stackheap
    exit.o(.text) refers to rtexit.o(.ARM.Collect$$rtexit$$00000000) for __rt_exit
    libinit.o(.ARM.Collect$$libinit$$00000000) refers (Special) to libinit2.o(.ARM.Collect$$libinit$$0000002E) for __rt_lib_init_alloca_1
    libinit.o(.ARM.Collect$$libinit$$00000000) refers (Special) to libinit2.o(.ARM.Collect$$libinit$$0000002C) for __rt_lib_init_argv_1
    libinit.o(.ARM.Collect$$libinit$$00000000) refers (Special) to libinit2.o(.ARM.Collect$$libinit$$0000001B) for __rt_lib_init_atexit_1
    libinit.o(.ARM.Collect$$libinit$$00000000) refers (Special) to libinit2.o(.ARM.Collect$$libinit$$00000021) for __rt_lib_init_clock_1
    libinit.o(.ARM.Collect$$libinit$$00000000) refers (Special) to libinit2.o(.ARM.Collect$$libinit$$00000032) for __rt_lib_init_cpp_1
    libinit.o(.ARM.Collect$$libinit$$00000000) refers (Special) to libinit2.o(.ARM.Collect$$libinit$$00000030) for __rt_lib_init_exceptions_1
    libinit.o(.ARM.Collect$$libinit$$00000000) refers (Special) to libinit2.o(.ARM.Collect$$libinit$$00000001) for __rt_lib_init_fp_1
    libinit.o(.ARM.Collect$$libinit$$00000000) refers (Special) to libinit2.o(.ARM.Collect$$libinit$$0000001F) for __rt_lib_init_fp_trap_1
    libinit.o(.ARM.Collect$$libinit$$00000000) refers (Special) to libinit2.o(.ARM.Collect$$libinit$$00000023) for __rt_lib_init_getenv_1
    libinit.o(.ARM.Collect$$libinit$$00000000) refers (Special) to libinit2.o(.ARM.Collect$$libinit$$0000000A) for __rt_lib_init_heap_1
    libinit.o(.ARM.Collect$$libinit$$00000000) refers (Special) to libinit2.o(.ARM.Collect$$libinit$$00000011) for __rt_lib_init_lc_collate_1
    libinit.o(.ARM.Collect$$libinit$$00000000) refers (Special) to libinit2.o(.ARM.Collect$$libinit$$00000013) for __rt_lib_init_lc_ctype_1
    libinit.o(.ARM.Collect$$libinit$$00000000) refers (Special) to libinit2.o(.ARM.Collect$$libinit$$00000015) for __rt_lib_init_lc_monetary_1
    libinit.o(.ARM.Collect$$libinit$$00000000) refers (Special) to libinit2.o(.ARM.Collect$$libinit$$00000017) for __rt_lib_init_lc_numeric_1
    libinit.o(.ARM.Collect$$libinit$$00000000) refers (Special) to libinit2.o(.ARM.Collect$$libinit$$00000019) for __rt_lib_init_lc_time_1
    libinit.o(.ARM.Collect$$libinit$$00000000) refers (Special) to libinit2.o(.ARM.Collect$$libinit$$00000004) for __rt_lib_init_preinit_1
    libinit.o(.ARM.Collect$$libinit$$00000000) refers (Special) to libinit2.o(.ARM.Collect$$libinit$$0000000E) for __rt_lib_init_rand_1
    libinit.o(.ARM.Collect$$libinit$$00000000) refers (Special) to libinit2.o(.ARM.Collect$$libinit$$00000033) for __rt_lib_init_return
    libinit.o(.ARM.Collect$$libinit$$00000000) refers (Special) to libinit2.o(.ARM.Collect$$libinit$$0000001D) for __rt_lib_init_signal_1
    libinit.o(.ARM.Collect$$libinit$$00000000) refers (Special) to libinit2.o(.ARM.Collect$$libinit$$00000025) for __rt_lib_init_stdio_1
    libinit.o(.ARM.Collect$$libinit$$00000000) refers (Special) to libinit2.o(.ARM.Collect$$libinit$$0000000C) for __rt_lib_init_user_alloc_1
    libspace.o(.text) refers to libspace.o(.bss) for __libspace_start
    rtexit.o(.ARM.Collect$$rtexit$$00000000) refers (Special) to rtexit2.o(.ARM.Collect$$rtexit$$00000004) for __rt_exit_exit
    rtexit.o(.ARM.Collect$$rtexit$$00000000) refers (Special) to rtexit2.o(.ARM.Collect$$rtexit$$00000003) for __rt_exit_ls
    rtexit.o(.ARM.Collect$$rtexit$$00000000) refers (Special) to rtexit2.o(.ARM.Collect$$rtexit$$00000002) for __rt_exit_prels_1
    rtexit.o(.ARM.exidx) refers (Special) to rtexit2.o(.ARM.Collect$$rtexit$$00000004) for __rt_exit_exit
    rtexit.o(.ARM.exidx) refers (Special) to rtexit2.o(.ARM.Collect$$rtexit$$00000003) for __rt_exit_ls
    rtexit.o(.ARM.exidx) refers (Special) to rtexit2.o(.ARM.Collect$$rtexit$$00000002) for __rt_exit_prels_1
    rtexit.o(.ARM.exidx) refers to rtexit.o(.ARM.Collect$$rtexit$$00000000) for .ARM.Collect$$rtexit$$00000000
    libinit2.o(.ARM.Collect$$libinit$$00000001) refers to fpinit.o(x$fpl$fpinit) for _fp_init
    libinit2.o(.ARM.Collect$$libinit$$00000010) refers to libinit2.o(.ARM.Collect$$libinit$$0000000F) for .ARM.Collect$$libinit$$0000000F
    libinit2.o(.ARM.Collect$$libinit$$00000012) refers to libinit2.o(.ARM.Collect$$libinit$$0000000F) for .ARM.Collect$$libinit$$0000000F
    libinit2.o(.ARM.Collect$$libinit$$00000014) refers to libinit2.o(.ARM.Collect$$libinit$$0000000F) for .ARM.Collect$$libinit$$0000000F
    libinit2.o(.ARM.Collect$$libinit$$00000016) refers to libinit2.o(.ARM.Collect$$libinit$$0000000F) for .ARM.Collect$$libinit$$0000000F
    libinit2.o(.ARM.Collect$$libinit$$00000018) refers to libinit2.o(.ARM.Collect$$libinit$$0000000F) for .ARM.Collect$$libinit$$0000000F
    libinit2.o(.ARM.Collect$$libinit$$00000026) refers to argv_veneer.o(.emb_text) for __ARM_argv_veneer
    libinit2.o(.ARM.Collect$$libinit$$00000027) refers to argv_veneer.o(.emb_text) for __ARM_argv_veneer
    rtexit2.o(.ARM.Collect$$rtexit$$00000003) refers to libshutdown.o(.ARM.Collect$$libshutdown$$00000000) for __rt_lib_shutdown
    rtexit2.o(.ARM.Collect$$rtexit$$00000004) refers to sys_exit.o(.text) for _sys_exit
    rtexit2.o(.ARM.exidx) refers to rtexit2.o(.ARM.Collect$$rtexit$$00000001) for .ARM.Collect$$rtexit$$00000001
    rtexit2.o(.ARM.exidx) refers to rtexit2.o(.ARM.Collect$$rtexit$$00000003) for .ARM.Collect$$rtexit$$00000003
    rtexit2.o(.ARM.exidx) refers to rtexit2.o(.ARM.Collect$$rtexit$$00000004) for .ARM.Collect$$rtexit$$00000004
    argv_veneer.o(.emb_text) refers to no_argv.o(.text) for __ARM_get_argv
    sys_exit.o(.text) refers (Special) to use_no_semi.o(.text) for __I$use$semihosting
    sys_exit.o(.text) refers (Special) to indicate_semi.o(.text) for __semihosting_library_function
    _get_argv_nomalloc.o(.text) refers (Special) to hrguard.o(.text) for __heap_region$guard
    _get_argv_nomalloc.o(.text) refers to defsig_rtmem_outer.o(.text) for __rt_SIGRTMEM
    _get_argv_nomalloc.o(.text) refers to sys_command.o(.text) for _sys_command_string
    libshutdown.o(.ARM.Collect$$libshutdown$$00000000) refers (Special) to libshutdown2.o(.ARM.Collect$$libshutdown$$00000004) for __rt_lib_shutdown_cpp_1
    libshutdown.o(.ARM.Collect$$libshutdown$$00000000) refers (Special) to libshutdown2.o(.ARM.Collect$$libshutdown$$00000002) for __rt_lib_shutdown_fini_1
    libshutdown.o(.ARM.Collect$$libshutdown$$00000000) refers (Special) to libshutdown2.o(.ARM.Collect$$libshutdown$$00000009) for __rt_lib_shutdown_fp_trap_1
    libshutdown.o(.ARM.Collect$$libshutdown$$00000000) refers (Special) to libshutdown2.o(.ARM.Collect$$libshutdown$$00000011) for __rt_lib_shutdown_heap_1
    libshutdown.o(.ARM.Collect$$libshutdown$$00000000) refers (Special) to libshutdown2.o(.ARM.Collect$$libshutdown$$00000012) for __rt_lib_shutdown_return
    libshutdown.o(.ARM.Collect$$libshutdown$$00000000) refers (Special) to libshutdown2.o(.ARM.Collect$$libshutdown$$0000000C) for __rt_lib_shutdown_signal_1
    libshutdown.o(.ARM.Collect$$libshutdown$$00000000) refers (Special) to libshutdown2.o(.ARM.Collect$$libshutdown$$00000006) for __rt_lib_shutdown_stdio_1
    libshutdown.o(.ARM.Collect$$libshutdown$$00000000) refers (Special) to libshutdown2.o(.ARM.Collect$$libshutdown$$0000000E) for __rt_lib_shutdown_user_alloc_1
    sys_command.o(.text) refers (Special) to use_no_semi.o(.text) for __I$use$semihosting
    sys_command.o(.text) refers (Special) to indicate_semi.o(.text) for __semihosting_library_function
    defsig_rtmem_outer.o(.text) refers to defsig_rtmem_inner.o(.text) for __rt_SIGRTMEM_inner
    defsig_rtmem_outer.o(.text) refers to defsig_exit.o(.text) for __sig_exit
    defsig_rtmem_formal.o(.text) refers to rt_raise.o(.text) for __rt_raise
    rt_raise.o(.text) refers to __raise.o(.text) for __raise
    rt_raise.o(.text) refers to sys_exit.o(.text) for _sys_exit
    defsig_exit.o(.text) refers to sys_exit.o(.text) for _sys_exit
    defsig_rtmem_inner.o(.text) refers to defsig_general.o(.text) for __default_signal_display
    __raise.o(.text) refers to defsig.o(CL$$defsig) for __default_signal_handler
    defsig_general.o(.text) refers to sys_wrch.o(.text) for _ttywrch
    sys_wrch.o(.text) refers (Special) to use_no_semi.o(.text) for __I$use$semihosting
    sys_wrch.o(.text) refers (Special) to indicate_semi.o(.text) for __semihosting_library_function
    defsig.o(CL$$defsig) refers to defsig_rtmem_inner.o(.text) for __rt_SIGRTMEM_inner
    defsig_abrt_inner.o(.text) refers to defsig_general.o(.text) for __default_signal_display
    defsig_fpe_inner.o(.text) refers to defsig_general.o(.text) for __default_signal_display
    defsig_rtred_inner.o(.text) refers to defsig_general.o(.text) for __default_signal_display
    defsig_stak_inner.o(.text) refers to defsig_general.o(.text) for __default_signal_display
    defsig_pvfn_inner.o(.text) refers to defsig_general.o(.text) for __default_signal_display
    defsig_cppl_inner.o(.text) refers to defsig_general.o(.text) for __default_signal_display
    defsig_segv_inner.o(.text) refers to defsig_general.o(.text) for __default_signal_display
    defsig_other.o(.text) refers to defsig_general.o(.text) for __default_signal_display


==============================================================================

Removing Unused input sections from the image.

    Removing gpio.o(i.LCD_Reset), (48 bytes).
    Removing gpio.o(i.retornarCursor), (48 bytes).

2 unused section(s) (total 96 bytes) removed from the image.

==============================================================================

Image Symbol Table

    Local Symbols

    Symbol Name                              Value     Ov Type        Size  Object(Section)

    RESET                                    0x00000000   Section      560  startup.o(RESET)
    ../clib/angel/boardlib.s                 0x00000000   Number         0  boardshut.o ABSOLUTE
    ../clib/angel/boardlib.s                 0x00000000   Number         0  boardinit3.o ABSOLUTE
    ../clib/angel/boardlib.s                 0x00000000   Number         0  boardinit2.o ABSOLUTE
    ../clib/angel/boardlib.s                 0x00000000   Number         0  boardinit1.o ABSOLUTE
    ../clib/angel/handlers.s                 0x00000000   Number         0  __scatter_zi.o ABSOLUTE
    ../clib/angel/handlers.s                 0x00000000   Number         0  __scatter_copy.o ABSOLUTE
    ../clib/angel/kernel.s                   0x00000000   Number         0  rtexit2.o ABSOLUTE
    ../clib/angel/kernel.s                   0x00000000   Number         0  rtexit.o ABSOLUTE
    ../clib/angel/kernel.s                   0x00000000   Number         0  __rtentry4.o ABSOLUTE
    ../clib/angel/kernel.s                   0x00000000   Number         0  __rtentry.o ABSOLUTE
    ../clib/angel/kernel.s                   0x00000000   Number         0  __rtentry2.o ABSOLUTE
    ../clib/angel/rt.s                       0x00000000   Number         0  rt_raise.o ABSOLUTE
    ../clib/angel/scatter.s                  0x00000000   Number         0  __scatter.o ABSOLUTE
    ../clib/angel/startup.s                  0x00000000   Number         0  __main.o ABSOLUTE
    ../clib/angel/sys.s                      0x00000000   Number         0  libspace.o ABSOLUTE
    ../clib/angel/sys.s                      0x00000000   Number         0  sys_stackheap_outer.o ABSOLUTE
    ../clib/angel/sys.s                      0x00000000   Number         0  use_no_semi.o ABSOLUTE
    ../clib/angel/sys.s                      0x00000000   Number         0  indicate_semi.o ABSOLUTE
    ../clib/angel/sysapp.c                   0x00000000   Number         0  sys_exit.o ABSOLUTE
    ../clib/angel/sysapp.c                   0x00000000   Number         0  sys_command.o ABSOLUTE
    ../clib/angel/sysapp.c                   0x00000000   Number         0  sys_wrch.o ABSOLUTE
    ../clib/armsys.c                         0x00000000   Number         0  argv_veneer.o ABSOLUTE
    ../clib/armsys.c                         0x00000000   Number         0  argv_veneer.o ABSOLUTE
    ../clib/armsys.c                         0x00000000   Number         0  no_argv.o ABSOLUTE
    ../clib/armsys.c                         0x00000000   Number         0  _get_argv_nomalloc.o ABSOLUTE
    ../clib/heapalloc.c                      0x00000000   Number         0  hrguard.o ABSOLUTE
    ../clib/heapaux.c                        0x00000000   Number         0  heapauxi.o ABSOLUTE
    ../clib/libinit.s                        0x00000000   Number         0  libinit.o ABSOLUTE
    ../clib/libinit.s                        0x00000000   Number         0  libinit2.o ABSOLUTE
    ../clib/libinit.s                        0x00000000   Number         0  libshutdown.o ABSOLUTE
    ../clib/libinit.s                        0x00000000   Number         0  libshutdown2.o ABSOLUTE
    ../clib/printf.c                         0x00000000   Number         0  __printf_ss.o ABSOLUTE
    ../clib/printf.c                         0x00000000   Number         0  __2sprintf.o ABSOLUTE
    ../clib/printf.c                         0x00000000   Number         0  noretval__2sprintf.o ABSOLUTE
    ../clib/printf.c                         0x00000000   Number         0  __printf.o ABSOLUTE
    ../clib/printf.c                         0x00000000   Number         0  _printf_dec.o ABSOLUTE
    ../clib/printf.c                         0x00000000   Number         0  __printf_flags.o ABSOLUTE
    ../clib/printf.c                         0x00000000   Number         0  __printf_nopercent.o ABSOLUTE
    ../clib/printf.c                         0x00000000   Number         0  __printf_flags_ss.o ABSOLUTE
    ../clib/printf.c                         0x00000000   Number         0  __printf_wp.o ABSOLUTE
    ../clib/printf.c                         0x00000000   Number         0  __printf_flags_wp.o ABSOLUTE
    ../clib/printf.c                         0x00000000   Number         0  __printf_ss_wp.o ABSOLUTE
    ../clib/printf.c                         0x00000000   Number         0  __printf_flags_ss_wp.o ABSOLUTE
    ../clib/printf.c                         0x00000000   Number         0  _printf_char_common.o ABSOLUTE
    ../clib/printf.c                         0x00000000   Number         0  _sputc.o ABSOLUTE
    ../clib/printf.c                         0x00000000   Number         0  _printf_intcommon.o ABSOLUTE
    ../clib/printf_percent.s                 0x00000000   Number         0  _printf_percent.o ABSOLUTE
    ../clib/printf_percent.s                 0x00000000   Number         0  _printf_d.o ABSOLUTE
    ../clib/printf_percent.s                 0x00000000   Number         0  _printf_percent_end.o ABSOLUTE
    ../clib/signal.c                         0x00000000   Number         0  defsig_fpe_inner.o ABSOLUTE
    ../clib/signal.c                         0x00000000   Number         0  __raise.o ABSOLUTE
    ../clib/signal.c                         0x00000000   Number         0  defsig_rtred_inner.o ABSOLUTE
    ../clib/signal.c                         0x00000000   Number         0  defsig_rtmem_inner.o ABSOLUTE
    ../clib/signal.c                         0x00000000   Number         0  defsig_exit.o ABSOLUTE
    ../clib/signal.c                         0x00000000   Number         0  defsig_stak_inner.o ABSOLUTE
    ../clib/signal.c                         0x00000000   Number         0  defsig_pvfn_inner.o ABSOLUTE
    ../clib/signal.c                         0x00000000   Number         0  defsig_rtmem_formal.o ABSOLUTE
    ../clib/signal.c                         0x00000000   Number         0  defsig_rtmem_outer.o ABSOLUTE
    ../clib/signal.c                         0x00000000   Number         0  defsig_cppl_inner.o ABSOLUTE
    ../clib/signal.c                         0x00000000   Number         0  defsig_segv_inner.o ABSOLUTE
    ../clib/signal.c                         0x00000000   Number         0  defsig_other.o ABSOLUTE
    ../clib/signal.c                         0x00000000   Number         0  defsig_general.o ABSOLUTE
    ../clib/signal.c                         0x00000000   Number         0  defsig_abrt_inner.o ABSOLUTE
    ../clib/signal.s                         0x00000000   Number         0  defsig.o ABSOLUTE
    ../clib/stdlib.c                         0x00000000   Number         0  exit.o ABSOLUTE
    ../fplib/daddsub.s                       0x00000000   Number         0  daddsub_clz.o ABSOLUTE
    ../fplib/dfix.s                          0x00000000   Number         0  dfix.o ABSOLUTE
    ../fplib/dflt.s                          0x00000000   Number         0  dflt_clz.o ABSOLUTE
    ../fplib/dmul.s                          0x00000000   Number         0  dmul.o ABSOLUTE
    ../fplib/dnaninf.s                       0x00000000   Number         0  dnaninf.o ABSOLUTE
    ../fplib/dretinf.s                       0x00000000   Number         0  dretinf.o ABSOLUTE
    ../fplib/fpinit.s                        0x00000000   Number         0  fpinit.o ABSOLUTE
    ../fplib/usenofp.s                       0x00000000   Number         0  usenofp.o ABSOLUTE
    dc.s                                     0x00000000   Number         0  dc.o ABSOLUTE
    gpio.c                                   0x00000000   Number         0  gpio.o ABSOLUTE
    main.c                                   0x00000000   Number         0  main.o ABSOLUTE
    startup.s                                0x00000000   Number         0  startup.o ABSOLUTE
    utils.s                                  0x00000000   Number         0  utils.o ABSOLUTE
    $v0                                      0x00000208   Number         0  startup.o(RESET)
    !!!main                                  0x00000230   Section        8  __main.o(!!!main)
    !!!scatter                               0x00000238   Section       52  __scatter.o(!!!scatter)
    !!handler_copy                           0x0000026c   Section       26  __scatter_copy.o(!!handler_copy)
    !!handler_zi                             0x00000288   Section       28  __scatter_zi.o(!!handler_zi)
    .ARM.Collect$$_printf_percent$$00000000  0x000002a4   Section        0  _printf_percent.o(.ARM.Collect$$_printf_percent$$00000000)
    .ARM.Collect$$_printf_percent$$00000009  0x000002a4   Section        6  _printf_d.o(.ARM.Collect$$_printf_percent$$00000009)
    .ARM.Collect$$_printf_percent$$00000017  0x000002aa   Section        4  _printf_percent_end.o(.ARM.Collect$$_printf_percent$$00000017)
    .ARM.Collect$$libinit$$00000000          0x000002ae   Section        2  libinit.o(.ARM.Collect$$libinit$$00000000)
    .ARM.Collect$$libinit$$00000001          0x000002b0   Section        4  libinit2.o(.ARM.Collect$$libinit$$00000001)
    .ARM.Collect$$libinit$$00000004          0x000002b4   Section        0  libinit2.o(.ARM.Collect$$libinit$$00000004)
    .ARM.Collect$$libinit$$0000000A          0x000002b4   Section        0  libinit2.o(.ARM.Collect$$libinit$$0000000A)
    .ARM.Collect$$libinit$$0000000C          0x000002b4   Section        0  libinit2.o(.ARM.Collect$$libinit$$0000000C)
    .ARM.Collect$$libinit$$0000000E          0x000002b4   Section        0  libinit2.o(.ARM.Collect$$libinit$$0000000E)
    .ARM.Collect$$libinit$$00000011          0x000002b4   Section        0  libinit2.o(.ARM.Collect$$libinit$$00000011)
    .ARM.Collect$$libinit$$00000013          0x000002b4   Section        0  libinit2.o(.ARM.Collect$$libinit$$00000013)
    .ARM.Collect$$libinit$$00000015          0x000002b4   Section        0  libinit2.o(.ARM.Collect$$libinit$$00000015)
    .ARM.Collect$$libinit$$00000017          0x000002b4   Section        0  libinit2.o(.ARM.Collect$$libinit$$00000017)
    .ARM.Collect$$libinit$$00000019          0x000002b4   Section        0  libinit2.o(.ARM.Collect$$libinit$$00000019)
    .ARM.Collect$$libinit$$0000001B          0x000002b4   Section        0  libinit2.o(.ARM.Collect$$libinit$$0000001B)
    .ARM.Collect$$libinit$$0000001D          0x000002b4   Section        0  libinit2.o(.ARM.Collect$$libinit$$0000001D)
    .ARM.Collect$$libinit$$0000001F          0x000002b4   Section        0  libinit2.o(.ARM.Collect$$libinit$$0000001F)
    .ARM.Collect$$libinit$$00000021          0x000002b4   Section        0  libinit2.o(.ARM.Collect$$libinit$$00000021)
    .ARM.Collect$$libinit$$00000023          0x000002b4   Section        0  libinit2.o(.ARM.Collect$$libinit$$00000023)
    .ARM.Collect$$libinit$$00000025          0x000002b4   Section        0  libinit2.o(.ARM.Collect$$libinit$$00000025)
    .ARM.Collect$$libinit$$0000002C          0x000002b4   Section        0  libinit2.o(.ARM.Collect$$libinit$$0000002C)
    .ARM.Collect$$libinit$$0000002E          0x000002b4   Section        0  libinit2.o(.ARM.Collect$$libinit$$0000002E)
    .ARM.Collect$$libinit$$00000030          0x000002b4   Section        0  libinit2.o(.ARM.Collect$$libinit$$00000030)
    .ARM.Collect$$libinit$$00000032          0x000002b4   Section        0  libinit2.o(.ARM.Collect$$libinit$$00000032)
    .ARM.Collect$$libinit$$00000033          0x000002b4   Section        2  libinit2.o(.ARM.Collect$$libinit$$00000033)
    .ARM.Collect$$libshutdown$$00000000      0x000002b6   Section        2  libshutdown.o(.ARM.Collect$$libshutdown$$00000000)
    .ARM.Collect$$libshutdown$$00000002      0x000002b8   Section        0  libshutdown2.o(.ARM.Collect$$libshutdown$$00000002)
    .ARM.Collect$$libshutdown$$00000004      0x000002b8   Section        0  libshutdown2.o(.ARM.Collect$$libshutdown$$00000004)
    .ARM.Collect$$libshutdown$$00000006      0x000002b8   Section        0  libshutdown2.o(.ARM.Collect$$libshutdown$$00000006)
    .ARM.Collect$$libshutdown$$00000009      0x000002b8   Section        0  libshutdown2.o(.ARM.Collect$$libshutdown$$00000009)
    .ARM.Collect$$libshutdown$$0000000C      0x000002b8   Section        0  libshutdown2.o(.ARM.Collect$$libshutdown$$0000000C)
    .ARM.Collect$$libshutdown$$0000000E      0x000002b8   Section        0  libshutdown2.o(.ARM.Collect$$libshutdown$$0000000E)
    .ARM.Collect$$libshutdown$$00000011      0x000002b8   Section        0  libshutdown2.o(.ARM.Collect$$libshutdown$$00000011)
    .ARM.Collect$$libshutdown$$00000012      0x000002b8   Section        2  libshutdown2.o(.ARM.Collect$$libshutdown$$00000012)
    .ARM.Collect$$rtentry$$00000000          0x000002ba   Section        0  __rtentry.o(.ARM.Collect$$rtentry$$00000000)
    .ARM.Collect$$rtentry$$00000002          0x000002ba   Section        0  __rtentry2.o(.ARM.Collect$$rtentry$$00000002)
    .ARM.Collect$$rtentry$$00000004          0x000002ba   Section        6  __rtentry4.o(.ARM.Collect$$rtentry$$00000004)
    .ARM.Collect$$rtentry$$00000009          0x000002c0   Section        0  __rtentry2.o(.ARM.Collect$$rtentry$$00000009)
    .ARM.Collect$$rtentry$$0000000A          0x000002c0   Section        4  __rtentry2.o(.ARM.Collect$$rtentry$$0000000A)
    .ARM.Collect$$rtentry$$0000000C          0x000002c4   Section        0  __rtentry2.o(.ARM.Collect$$rtentry$$0000000C)
    .ARM.Collect$$rtentry$$0000000D          0x000002c4   Section        8  __rtentry2.o(.ARM.Collect$$rtentry$$0000000D)
    .ARM.Collect$$rtexit$$00000000           0x000002cc   Section        2  rtexit.o(.ARM.Collect$$rtexit$$00000000)
    .ARM.Collect$$rtexit$$00000002           0x000002ce   Section        0  rtexit2.o(.ARM.Collect$$rtexit$$00000002)
    .ARM.Collect$$rtexit$$00000003           0x000002ce   Section        4  rtexit2.o(.ARM.Collect$$rtexit$$00000003)
    .ARM.Collect$$rtexit$$00000004           0x000002d2   Section        6  rtexit2.o(.ARM.Collect$$rtexit$$00000004)
    .text                                    0x000002d8   Section       48  startup.o(.text)
    $v0                                      0x000002d8   Number         0  startup.o(.text)
    .text                                    0x00000308   Section      484  utils.o(.text)
    $v0                                      0x00000308   Number         0  utils.o(.text)
    .text                                    0x000004ec   Section        0  noretval__2sprintf.o(.text)
    .text                                    0x00000514   Section        0  __printf.o(.text)
    .text                                    0x0000057c   Section        0  _printf_dec.o(.text)
    .text                                    0x000005f4   Section        0  heapauxi.o(.text)
    .text                                    0x000005fa   Section        0  _printf_intcommon.o(.text)
    .text                                    0x000006ac   Section        0  _printf_char_common.o(.text)
    _printf_input_char                       0x000006ad   Thumb Code    10  _printf_char_common.o(.text)
    .text                                    0x000006dc   Section        0  _sputc.o(.text)
    .text                                    0x000006e6   Section       74  sys_stackheap_outer.o(.text)
    .text                                    0x00000730   Section        0  exit.o(.text)
    .text                                    0x00000744   Section        8  libspace.o(.text)
    .text                                    0x0000074c   Section        0  sys_exit.o(.text)
    .text                                    0x00000758   Section        2  use_no_semi.o(.text)
    .text                                    0x0000075a   Section        0  indicate_semi.o(.text)
    i.GPIO_Init                              0x0000075c   Section        0  gpio.o(i.GPIO_Init)
    i.LCD_Init                               0x00000898   Section        0  gpio.o(i.LCD_Init)
    i.Timer0A_Handler                        0x0000092c   Section        0  gpio.o(i.Timer0A_Handler)
    i.Timer2A_Handler                        0x00000994   Section        0  gpio.o(i.Timer2A_Handler)
    i.calculaDuty                            0x000009fc   Section        0  main.o(i.calculaDuty)
    i.colocarEstado                          0x00000a14   Section        0  main.o(i.colocarEstado)
    i.escreveLCD                             0x00000a48   Section        0  gpio.o(i.escreveLCD)
    i.main                                   0x00000a78   Section        0  main.o(i.main)
    i.mostrarInformacao                      0x00000c70   Section        0  main.o(i.mostrarInformacao)
    i.printLCD                               0x00000d2c   Section        0  main.o(i.printLCD)
    i.pulaLinha                              0x00000d44   Section        0  gpio.o(i.pulaLinha)
    i.varreTeclado                           0x00000d74   Section        0  gpio.o(i.varreTeclado)
    x$fpl$dadd                               0x00000efc   Section      336  daddsub_clz.o(x$fpl$dadd)
    $v0                                      0x00000efc   Number         0  daddsub_clz.o(x$fpl$dadd)
    _dadd1                                   0x00000f0d   Thumb Code     0  daddsub_clz.o(x$fpl$dadd)
    x$fpl$dfix                               0x0000104c   Section       94  dfix.o(x$fpl$dfix)
    $v0                                      0x0000104c   Number         0  dfix.o(x$fpl$dfix)
    x$fpl$dflt                               0x000010aa   Section       46  dflt_clz.o(x$fpl$dflt)
    $v0                                      0x000010aa   Number         0  dflt_clz.o(x$fpl$dflt)
    x$fpl$dmul                               0x000010d8   Section      340  dmul.o(x$fpl$dmul)
    $v0                                      0x000010d8   Number         0  dmul.o(x$fpl$dmul)
    x$fpl$dnaninf                            0x0000122c   Section      156  dnaninf.o(x$fpl$dnaninf)
    $v0                                      0x0000122c   Number         0  dnaninf.o(x$fpl$dnaninf)
    x$fpl$dretinf                            0x000012c8   Section       12  dretinf.o(x$fpl$dretinf)
    $v0                                      0x000012c8   Number         0  dretinf.o(x$fpl$dretinf)
    x$fpl$dsub                               0x000012d4   Section      468  daddsub_clz.o(x$fpl$dsub)
    $v0                                      0x000012d4   Number         0  daddsub_clz.o(x$fpl$dsub)
    _dsub1                                   0x000012e5   Thumb Code     0  daddsub_clz.o(x$fpl$dsub)
    x$fpl$fpinit                             0x000014a8   Section       10  fpinit.o(x$fpl$fpinit)
    $v0                                      0x000014a8   Number         0  fpinit.o(x$fpl$fpinit)
    x$fpl$usenofp                            0x000014b2   Section        0  usenofp.o(x$fpl$usenofp)
    .data                                    0x20000000   Section       16  main.o(.data)
    .data                                    0x20000010   Section       16  gpio.o(.data)
    .bss                                     0x20000020   Section       20  main.o(.bss)
    .bss                                     0x20000034   Section       96  libspace.o(.bss)
    HEAP                                     0x20000098   Section        0  startup.o(HEAP)
    STACK                                    0x20000098   Section     1024  startup.o(STACK)
    HeapMem                                  0x20000098   Data           0  startup.o(HEAP)
    StackMem                                 0x20000098   Data           0  startup.o(STACK)

    Global Symbols

    Symbol Name                              Value     Ov Type        Size  Object(Section)

    BuildAttributes$$THM_ISAv4$E$P$D$K$B$S$7EM$VFPi3$EXTD16$VFPS$VFMA$PE$A:L22UL41UL21$X:L11$S22US41US21$IEEE1$IW$USESV6$~STKCKD$USESV7$~SHL$OSPACE$ROPI$EBA8$UX$STANDARDLIB$REQ8$PRES8$EABIv2 0x00000000   Number         0  anon$$obj.o ABSOLUTE
    __ARM_use_no_argv                        0x00000000   Number         0  main.o ABSOLUTE
    __Vectors                                0x00000000   Data           0  startup.o(RESET)
    __ARM_exceptions_init                     - Undefined Weak Reference
    __alloca_initialize                       - Undefined Weak Reference
    __arm_fini_                               - Undefined Weak Reference
    __arm_preinit_                            - Undefined Weak Reference
    __cpp_initialize__aeabi_                  - Undefined Weak Reference
    __cxa_finalize                            - Undefined Weak Reference
    __rt_locale                               - Undefined Weak Reference
    __sigvec_lookup                           - Undefined Weak Reference
    _atexit_init                              - Undefined Weak Reference
    _call_atexit_fns                          - Undefined Weak Reference
    _clock_init                               - Undefined Weak Reference
    _fp_trap_init                             - Undefined Weak Reference
    _fp_trap_shutdown                         - Undefined Weak Reference
    _get_lc_collate                           - Undefined Weak Reference
    _get_lc_ctype                             - Undefined Weak Reference
    _get_lc_monetary                          - Undefined Weak Reference
    _get_lc_numeric                           - Undefined Weak Reference
    _get_lc_time                              - Undefined Weak Reference
    _getenv_init                              - Undefined Weak Reference
    _handle_redirection                       - Undefined Weak Reference
    _init_alloc                               - Undefined Weak Reference
    _init_user_alloc                          - Undefined Weak Reference
    _initio                                   - Undefined Weak Reference
    _printf_post_padding                      - Undefined Weak Reference
    _printf_pre_padding                       - Undefined Weak Reference
    _printf_truncate_signed                   - Undefined Weak Reference
    _printf_truncate_unsigned                 - Undefined Weak Reference
    _rand_init                                - Undefined Weak Reference
    _signal_finish                            - Undefined Weak Reference
    _signal_init                              - Undefined Weak Reference
    _terminate_alloc                          - Undefined Weak Reference
    _terminate_user_alloc                     - Undefined Weak Reference
    _terminateio                              - Undefined Weak Reference
    Reset_Handler                            0x00000209   Thumb Code     0  startup.o(RESET)
    NMI_Handler                              0x0000021d   Thumb Code     2  startup.o(RESET)
    HardFault_Handler                        0x0000021f   Thumb Code     2  startup.o(RESET)
    MemManage_Handler                        0x00000221   Thumb Code     2  startup.o(RESET)
    BusFault_Handler                         0x00000223   Thumb Code     2  startup.o(RESET)
    UsageFault_Handler                       0x00000225   Thumb Code     2  startup.o(RESET)
    SVC_Handler                              0x00000227   Thumb Code     2  startup.o(RESET)
    DebugMon_Handler                         0x00000229   Thumb Code     2  startup.o(RESET)
    PendSV_Handler                           0x0000022b   Thumb Code     2  startup.o(RESET)
    SysTick_Handler                          0x0000022d   Thumb Code     2  startup.o(RESET)
    ADC0Seq0_Handler                         0x0000022f   Thumb Code     0  startup.o(RESET)
    ADC0Seq1_Handler                         0x0000022f   Thumb Code     0  startup.o(RESET)
    ADC0Seq2_Handler                         0x0000022f   Thumb Code     0  startup.o(RESET)
    ADC0Seq3_Handler                         0x0000022f   Thumb Code     0  startup.o(RESET)
    ADC1Seq0_Handler                         0x0000022f   Thumb Code     0  startup.o(RESET)
    ADC1Seq1_Handler                         0x0000022f   Thumb Code     0  startup.o(RESET)
    ADC1Seq2_Handler                         0x0000022f   Thumb Code     0  startup.o(RESET)
    ADC1Seq3_Handler                         0x0000022f   Thumb Code     0  startup.o(RESET)
    CAN0_Handler                             0x0000022f   Thumb Code     0  startup.o(RESET)
    CAN1_Handler                             0x0000022f   Thumb Code     0  startup.o(RESET)
    Comp0_Handler                            0x0000022f   Thumb Code     0  startup.o(RESET)
    Comp1_Handler                            0x0000022f   Thumb Code     0  startup.o(RESET)
    Comp2_Handler                            0x0000022f   Thumb Code     0  startup.o(RESET)
    Ethernet_Handler                         0x0000022f   Thumb Code     0  startup.o(RESET)
    ExtBus_Handler                           0x0000022f   Thumb Code     0  startup.o(RESET)
    FPU_Handler                              0x0000022f   Thumb Code     0  startup.o(RESET)
    FlashCtl_Handler                         0x0000022f   Thumb Code     0  startup.o(RESET)
    GPIOPortA_Handler                        0x0000022f   Thumb Code     0  startup.o(RESET)
    GPIOPortB_Handler                        0x0000022f   Thumb Code     0  startup.o(RESET)
    GPIOPortC_Handler                        0x0000022f   Thumb Code     0  startup.o(RESET)
    GPIOPortD_Handler                        0x0000022f   Thumb Code     0  startup.o(RESET)
    GPIOPortE_Handler                        0x0000022f   Thumb Code     0  startup.o(RESET)
    GPIOPortF_Handler                        0x0000022f   Thumb Code     0  startup.o(RESET)
    GPIOPortG_Handler                        0x0000022f   Thumb Code     0  startup.o(RESET)
    GPIOPortH_Handler                        0x0000022f   Thumb Code     0  startup.o(RESET)
    GPIOPortJ_Handler                        0x0000022f   Thumb Code     0  startup.o(RESET)
    GPIOPortK_Handler                        0x0000022f   Thumb Code     0  startup.o(RESET)
    GPIOPortL_Handler                        0x0000022f   Thumb Code     0  startup.o(RESET)
    GPIOPortM_Handler                        0x0000022f   Thumb Code     0  startup.o(RESET)
    GPIOPortN_Handler                        0x0000022f   Thumb Code     0  startup.o(RESET)
    GPIOPortP1_Handler                       0x0000022f   Thumb Code     0  startup.o(RESET)
    GPIOPortP2_Handler                       0x0000022f   Thumb Code     0  startup.o(RESET)
    GPIOPortP3_Handler                       0x0000022f   Thumb Code     0  startup.o(RESET)
    GPIOPortP4_Handler                       0x0000022f   Thumb Code     0  startup.o(RESET)
    GPIOPortP5_Handler                       0x0000022f   Thumb Code     0  startup.o(RESET)
    GPIOPortP6_Handler                       0x0000022f   Thumb Code     0  startup.o(RESET)
    GPIOPortP7_Handler                       0x0000022f   Thumb Code     0  startup.o(RESET)
    GPIOPortP_Handler                        0x0000022f   Thumb Code     0  startup.o(RESET)
    GPIOPortQ1_Handler                       0x0000022f   Thumb Code     0  startup.o(RESET)
    GPIOPortQ2_Handler                       0x0000022f   Thumb Code     0  startup.o(RESET)
    GPIOPortQ3_Handler                       0x0000022f   Thumb Code     0  startup.o(RESET)
    GPIOPortQ4_Handler                       0x0000022f   Thumb Code     0  startup.o(RESET)
    GPIOPortQ5_Handler                       0x0000022f   Thumb Code     0  startup.o(RESET)
    GPIOPortQ6_Handler                       0x0000022f   Thumb Code     0  startup.o(RESET)
    GPIOPortQ7_Handler                       0x0000022f   Thumb Code     0  startup.o(RESET)
    GPIOPortQ_Handler                        0x0000022f   Thumb Code     0  startup.o(RESET)
    Hibernate_Handler                        0x0000022f   Thumb Code     0  startup.o(RESET)
    I2C0_Handler                             0x0000022f   Thumb Code     0  startup.o(RESET)
    I2C1_Handler                             0x0000022f   Thumb Code     0  startup.o(RESET)
    I2C2_Handler                             0x0000022f   Thumb Code     0  startup.o(RESET)
    I2C3_Handler                             0x0000022f   Thumb Code     0  startup.o(RESET)
    I2C4_Handler                             0x0000022f   Thumb Code     0  startup.o(RESET)
    I2C5_Handler                             0x0000022f   Thumb Code     0  startup.o(RESET)
    I2C6_Handler                             0x0000022f   Thumb Code     0  startup.o(RESET)
    I2C7_Handler                             0x0000022f   Thumb Code     0  startup.o(RESET)
    I2C8_Handler                             0x0000022f   Thumb Code     0  startup.o(RESET)
    I2C9_Handler                             0x0000022f   Thumb Code     0  startup.o(RESET)
    PWM0Fault_Handler                        0x0000022f   Thumb Code     0  startup.o(RESET)
    PWM0Generator0_Handler                   0x0000022f   Thumb Code     0  startup.o(RESET)
    PWM0Generator1_Handler                   0x0000022f   Thumb Code     0  startup.o(RESET)
    PWM0Generator2_Handler                   0x0000022f   Thumb Code     0  startup.o(RESET)
    PWM0Generator3_Handler                   0x0000022f   Thumb Code     0  startup.o(RESET)
    Quadrature0_Handler                      0x0000022f   Thumb Code     0  startup.o(RESET)
    SSI0_Handler                             0x0000022f   Thumb Code     0  startup.o(RESET)
    SSI1_Handler                             0x0000022f   Thumb Code     0  startup.o(RESET)
    SSI2_Handler                             0x0000022f   Thumb Code     0  startup.o(RESET)
    SSI3_Handler                             0x0000022f   Thumb Code     0  startup.o(RESET)
    SysCtl_Handler                           0x0000022f   Thumb Code     0  startup.o(RESET)
    Tamper_Handler                           0x0000022f   Thumb Code     0  startup.o(RESET)
    Timer0B_Handler                          0x0000022f   Thumb Code     0  startup.o(RESET)
    Timer1A_Handler                          0x0000022f   Thumb Code     0  startup.o(RESET)
    Timer1B_Handler                          0x0000022f   Thumb Code     0  startup.o(RESET)
    Timer2B_Handler                          0x0000022f   Thumb Code     0  startup.o(RESET)
    Timer3A_Handler                          0x0000022f   Thumb Code     0  startup.o(RESET)
    Timer3B_Handler                          0x0000022f   Thumb Code     0  startup.o(RESET)
    Timer4A_Handler                          0x0000022f   Thumb Code     0  startup.o(RESET)
    Timer4B_Handler                          0x0000022f   Thumb Code     0  startup.o(RESET)
    Timer5A_Handler                          0x0000022f   Thumb Code     0  startup.o(RESET)
    Timer5B_Handler                          0x0000022f   Thumb Code     0  startup.o(RESET)
    Timer6A_Handler                          0x0000022f   Thumb Code     0  startup.o(RESET)
    Timer6B_Handler                          0x0000022f   Thumb Code     0  startup.o(RESET)
    Timer7A_Handler                          0x0000022f   Thumb Code     0  startup.o(RESET)
    Timer7B_Handler                          0x0000022f   Thumb Code     0  startup.o(RESET)
    UART0_Handler                            0x0000022f   Thumb Code     0  startup.o(RESET)
    UART1_Handler                            0x0000022f   Thumb Code     0  startup.o(RESET)
    UART2_Handler                            0x0000022f   Thumb Code     0  startup.o(RESET)
    UART3_Handler                            0x0000022f   Thumb Code     0  startup.o(RESET)
    UART4_Handler                            0x0000022f   Thumb Code     0  startup.o(RESET)
    UART5_Handler                            0x0000022f   Thumb Code     0  startup.o(RESET)
    UART6_Handler                            0x0000022f   Thumb Code     0  startup.o(RESET)
    UART7_Handler                            0x0000022f   Thumb Code     0  startup.o(RESET)
    USB0_Handler                             0x0000022f   Thumb Code     0  startup.o(RESET)
    WDT_Handler                              0x0000022f   Thumb Code     0  startup.o(RESET)
    uDMA_Error                               0x0000022f   Thumb Code     0  startup.o(RESET)
    uDMA_Handler                             0x0000022f   Thumb Code     0  startup.o(RESET)
    __main                                   0x00000231   Thumb Code     8  __main.o(!!!main)
    __scatterload                            0x00000239   Thumb Code     0  __scatter.o(!!!scatter)
    __scatterload_rt2                        0x00000239   Thumb Code    44  __scatter.o(!!!scatter)
    __scatterload_rt2_thumb_only             0x00000239   Thumb Code     0  __scatter.o(!!!scatter)
    __scatterload_null                       0x00000247   Thumb Code     0  __scatter.o(!!!scatter)
    __scatterload_copy                       0x0000026d   Thumb Code    26  __scatter_copy.o(!!handler_copy)
    __scatterload_zeroinit                   0x00000289   Thumb Code    28  __scatter_zi.o(!!handler_zi)
    _printf_d                                0x000002a5   Thumb Code     0  _printf_d.o(.ARM.Collect$$_printf_percent$$00000009)
    _printf_percent                          0x000002a5   Thumb Code     0  _printf_percent.o(.ARM.Collect$$_printf_percent$$00000000)
    _printf_percent_end                      0x000002ab   Thumb Code     0  _printf_percent_end.o(.ARM.Collect$$_printf_percent$$00000017)
    __rt_lib_init                            0x000002af   Thumb Code     0  libinit.o(.ARM.Collect$$libinit$$00000000)
    __rt_lib_init_fp_1                       0x000002b1   Thumb Code     0  libinit2.o(.ARM.Collect$$libinit$$00000001)
    __rt_lib_init_alloca_1                   0x000002b5   Thumb Code     0  libinit2.o(.ARM.Collect$$libinit$$0000002E)
    __rt_lib_init_argv_1                     0x000002b5   Thumb Code     0  libinit2.o(.ARM.Collect$$libinit$$0000002C)
    __rt_lib_init_atexit_1                   0x000002b5   Thumb Code     0  libinit2.o(.ARM.Collect$$libinit$$0000001B)
    __rt_lib_init_clock_1                    0x000002b5   Thumb Code     0  libinit2.o(.ARM.Collect$$libinit$$00000021)
    __rt_lib_init_cpp_1                      0x000002b5   Thumb Code     0  libinit2.o(.ARM.Collect$$libinit$$00000032)
    __rt_lib_init_exceptions_1               0x000002b5   Thumb Code     0  libinit2.o(.ARM.Collect$$libinit$$00000030)
    __rt_lib_init_fp_trap_1                  0x000002b5   Thumb Code     0  libinit2.o(.ARM.Collect$$libinit$$0000001F)
    __rt_lib_init_getenv_1                   0x000002b5   Thumb Code     0  libinit2.o(.ARM.Collect$$libinit$$00000023)
    __rt_lib_init_heap_1                     0x000002b5   Thumb Code     0  libinit2.o(.ARM.Collect$$libinit$$0000000A)
    __rt_lib_init_lc_collate_1               0x000002b5   Thumb Code     0  libinit2.o(.ARM.Collect$$libinit$$00000011)
    __rt_lib_init_lc_ctype_1                 0x000002b5   Thumb Code     0  libinit2.o(.ARM.Collect$$libinit$$00000013)
    __rt_lib_init_lc_monetary_1              0x000002b5   Thumb Code     0  libinit2.o(.ARM.Collect$$libinit$$00000015)
    __rt_lib_init_lc_numeric_1               0x000002b5   Thumb Code     0  libinit2.o(.ARM.Collect$$libinit$$00000017)
    __rt_lib_init_lc_time_1                  0x000002b5   Thumb Code     0  libinit2.o(.ARM.Collect$$libinit$$00000019)
    __rt_lib_init_preinit_1                  0x000002b5   Thumb Code     0  libinit2.o(.ARM.Collect$$libinit$$00000004)
    __rt_lib_init_rand_1                     0x000002b5   Thumb Code     0  libinit2.o(.ARM.Collect$$libinit$$0000000E)
    __rt_lib_init_return                     0x000002b5   Thumb Code     0  libinit2.o(.ARM.Collect$$libinit$$00000033)
    __rt_lib_init_signal_1                   0x000002b5   Thumb Code     0  libinit2.o(.ARM.Collect$$libinit$$0000001D)
    __rt_lib_init_stdio_1                    0x000002b5   Thumb Code     0  libinit2.o(.ARM.Collect$$libinit$$00000025)
    __rt_lib_init_user_alloc_1               0x000002b5   Thumb Code     0  libinit2.o(.ARM.Collect$$libinit$$0000000C)
    __rt_lib_shutdown                        0x000002b7   Thumb Code     0  libshutdown.o(.ARM.Collect$$libshutdown$$00000000)
    __rt_lib_shutdown_cpp_1                  0x000002b9   Thumb Code     0  libshutdown2.o(.ARM.Collect$$libshutdown$$00000004)
    __rt_lib_shutdown_fini_1                 0x000002b9   Thumb Code     0  libshutdown2.o(.ARM.Collect$$libshutdown$$00000002)
    __rt_lib_shutdown_fp_trap_1              0x000002b9   Thumb Code     0  libshutdown2.o(.ARM.Collect$$libshutdown$$00000009)
    __rt_lib_shutdown_heap_1                 0x000002b9   Thumb Code     0  libshutdown2.o(.ARM.Collect$$libshutdown$$00000011)
    __rt_lib_shutdown_return                 0x000002b9   Thumb Code     0  libshutdown2.o(.ARM.Collect$$libshutdown$$00000012)
    __rt_lib_shutdown_signal_1               0x000002b9   Thumb Code     0  libshutdown2.o(.ARM.Collect$$libshutdown$$0000000C)
    __rt_lib_shutdown_stdio_1                0x000002b9   Thumb Code     0  libshutdown2.o(.ARM.Collect$$libshutdown$$00000006)
    __rt_lib_shutdown_user_alloc_1           0x000002b9   Thumb Code     0  libshutdown2.o(.ARM.Collect$$libshutdown$$0000000E)
    __rt_entry                               0x000002bb   Thumb Code     0  __rtentry.o(.ARM.Collect$$rtentry$$00000000)
    __rt_entry_presh_1                       0x000002bb   Thumb Code     0  __rtentry2.o(.ARM.Collect$$rtentry$$00000002)
    __rt_entry_sh                            0x000002bb   Thumb Code     0  __rtentry4.o(.ARM.Collect$$rtentry$$00000004)
    __rt_entry_li                            0x000002c1   Thumb Code     0  __rtentry2.o(.ARM.Collect$$rtentry$$0000000A)
    __rt_entry_postsh_1                      0x000002c1   Thumb Code     0  __rtentry2.o(.ARM.Collect$$rtentry$$00000009)
    __rt_entry_main                          0x000002c5   Thumb Code     0  __rtentry2.o(.ARM.Collect$$rtentry$$0000000D)
    __rt_entry_postli_1                      0x000002c5   Thumb Code     0  __rtentry2.o(.ARM.Collect$$rtentry$$0000000C)
    __rt_exit                                0x000002cd   Thumb Code     0  rtexit.o(.ARM.Collect$$rtexit$$00000000)
    __rt_exit_ls                             0x000002cf   Thumb Code     0  rtexit2.o(.ARM.Collect$$rtexit$$00000003)
    __rt_exit_prels_1                        0x000002cf   Thumb Code     0  rtexit2.o(.ARM.Collect$$rtexit$$00000002)
    __rt_exit_exit                           0x000002d3   Thumb Code     0  rtexit2.o(.ARM.Collect$$rtexit$$00000004)
    DisableInterrupts                        0x000002d9   Thumb Code     0  startup.o(.text)
    EnableInterrupts                         0x000002dd   Thumb Code     0  startup.o(.text)
    StartCritical                            0x000002e1   Thumb Code     0  startup.o(.text)
    EndCritical                              0x000002e9   Thumb Code     0  startup.o(.text)
    WaitForInterrupt                         0x000002ef   Thumb Code     0  startup.o(.text)
    __user_initial_stackheap                 0x000002f3   Thumb Code     0  startup.o(.text)
    PLL_Init                                 0x00000309   Thumb Code     0  utils.o(.text)
    SysTick_Init                             0x00000431   Thumb Code     0  utils.o(.text)
    SysTick_Wait1ms                          0x0000046b   Thumb Code     0  utils.o(.text)
    SysTick_Wait1us                          0x0000047d   Thumb Code     0  utils.o(.text)
    __2sprintf                               0x000004ed   Thumb Code    34  noretval__2sprintf.o(.text)
    __printf                                 0x00000515   Thumb Code   104  __printf.o(.text)
    _printf_int_dec                          0x0000057d   Thumb Code   104  _printf_dec.o(.text)
    __use_two_region_memory                  0x000005f5   Thumb Code     2  heapauxi.o(.text)
    __rt_heap_escrow$2region                 0x000005f7   Thumb Code     2  heapauxi.o(.text)
    __rt_heap_expand$2region                 0x000005f9   Thumb Code     2  heapauxi.o(.text)
    _printf_int_common                       0x000005fb   Thumb Code   178  _printf_intcommon.o(.text)
    _printf_char_common                      0x000006b7   Thumb Code    32  _printf_char_common.o(.text)
    _sputc                                   0x000006dd   Thumb Code    10  _sputc.o(.text)
    __user_setup_stackheap                   0x000006e7   Thumb Code    74  sys_stackheap_outer.o(.text)
    exit                                     0x00000731   Thumb Code    18  exit.o(.text)
    __user_libspace                          0x00000745   Thumb Code     8  libspace.o(.text)
    __user_perproc_libspace                  0x00000745   Thumb Code     0  libspace.o(.text)
    __user_perthread_libspace                0x00000745   Thumb Code     0  libspace.o(.text)
    _sys_exit                                0x0000074d   Thumb Code     8  sys_exit.o(.text)
    __I$use$semihosting                      0x00000759   Thumb Code     0  use_no_semi.o(.text)
    __use_no_semihosting_swi                 0x00000759   Thumb Code     2  use_no_semi.o(.text)
    __semihosting_library_function           0x0000075b   Thumb Code     0  indicate_semi.o(.text)
    GPIO_Init                                0x0000075d   Thumb Code   258  gpio.o(i.GPIO_Init)
    LCD_Init                                 0x00000899   Thumb Code   136  gpio.o(i.LCD_Init)
    Timer0A_Handler                          0x0000092d   Thumb Code    78  gpio.o(i.Timer0A_Handler)
    Timer2A_Handler                          0x00000995   Thumb Code    88  gpio.o(i.Timer2A_Handler)
    calculaDuty                              0x000009fd   Thumb Code    20  main.o(i.calculaDuty)
    colocarEstado                            0x00000a15   Thumb Code    46  main.o(i.colocarEstado)
    escreveLCD                               0x00000a49   Thumb Code    36  gpio.o(i.escreveLCD)
    main                                     0x00000a79   Thumb Code   436  main.o(i.main)
    mostrarInformacao                        0x00000c71   Thumb Code   128  main.o(i.mostrarInformacao)
    printLCD                                 0x00000d2d   Thumb Code    24  main.o(i.printLCD)
    pulaLinha                                0x00000d45   Thumb Code    36  gpio.o(i.pulaLinha)
    varreTeclado                             0x00000d75   Thumb Code   382  gpio.o(i.varreTeclado)
    __aeabi_dadd                             0x00000efd   Thumb Code     0  daddsub_clz.o(x$fpl$dadd)
    _dadd                                    0x00000efd   Thumb Code   332  daddsub_clz.o(x$fpl$dadd)
    __aeabi_d2iz                             0x0000104d   Thumb Code     0  dfix.o(x$fpl$dfix)
    _dfix                                    0x0000104d   Thumb Code    94  dfix.o(x$fpl$dfix)
    __aeabi_i2d                              0x000010ab   Thumb Code     0  dflt_clz.o(x$fpl$dflt)
    _dflt                                    0x000010ab   Thumb Code    46  dflt_clz.o(x$fpl$dflt)
    __aeabi_dmul                             0x000010d9   Thumb Code     0  dmul.o(x$fpl$dmul)
    _dmul                                    0x000010d9   Thumb Code   332  dmul.o(x$fpl$dmul)
    __fpl_dnaninf                            0x0000122d   Thumb Code   156  dnaninf.o(x$fpl$dnaninf)
    __fpl_dretinf                            0x000012c9   Thumb Code    12  dretinf.o(x$fpl$dretinf)
    __aeabi_dsub                             0x000012d5   Thumb Code     0  daddsub_clz.o(x$fpl$dsub)
    _dsub                                    0x000012d5   Thumb Code   464  daddsub_clz.o(x$fpl$dsub)
    _fp_init                                 0x000014a9   Thumb Code    10  fpinit.o(x$fpl$fpinit)
    __fplib_config_fpu_vfp                   0x000014b1   Thumb Code     0  fpinit.o(x$fpl$fpinit)
    __fplib_config_pureend_doubles           0x000014b1   Thumb Code     0  fpinit.o(x$fpl$fpinit)
    __I$use$fp                               0x000014b2   Number         0  usenofp.o(x$fpl$usenofp)
    Region$$Table$$Base                      0x000014b4   Number         0  anon$$obj.o(Region$$Table)
    Region$$Table$$Limit                     0x000014d4   Number         0  anon$$obj.o(Region$$Table)
    modo                                     0x20000000   Data           1  main.o(.data)
    modoAnterior                             0x20000001   Data           1  main.o(.data)
    tecla                                    0x20000004   Data           4  main.o(.data)
    pos                                      0x20000008   Data           4  main.o(.data)
    ultimaTecla                              0x2000000c   Data           4  main.o(.data)
    angulo                                   0x20000010   Data           4  gpio.o(.data)
    duty                                     0x20000014   Data           4  gpio.o(.data)
    cima_ou_baixo                            0x20000018   Data           4  gpio.o(.data)
    porta                                    0x2000001c   Data           4  gpio.o(.data)
    posS                                     0x20000020   Data          10  main.o(.bss)
    angS                                     0x2000002a   Data          10  main.o(.bss)
    __libspace_start                         0x20000034   Data          96  libspace.o(.bss)
    __temporary_stack_top$libspace           0x20000094   Data           0  libspace.o(.bss)



==============================================================================

Memory Map of the image

  Image Entry point : 0x00000209

  Load Region LR_1 (Base: 0x00000000, Size: 0x000014f4, Max: 0xffffffff, ABSOLUTE)

    Execution Region ER_RO (Exec base: 0x00000000, Load base: 0x00000000, Size: 0x000014d4, Max: 0xffffffff, ABSOLUTE)

    Exec Addr    Load Addr    Size         Type   Attr      Idx    E Section Name        Object

    0x00000000   0x00000000   0x00000230   Code   RO            3  * RESET               startup.o
    0x00000230   0x00000230   0x00000008   Code   RO          164  * !!!main             c_w.l(__main.o)
    0x00000238   0x00000238   0x00000034   Code   RO          355    !!!scatter          c_w.l(__scatter.o)
    0x0000026c   0x0000026c   0x0000001a   Code   RO          357    !!handler_copy      c_w.l(__scatter_copy.o)
    0x00000286   0x00000286   0x00000002   PAD
    0x00000288   0x00000288   0x0000001c   Code   RO          359    !!handler_zi        c_w.l(__scatter_zi.o)
    0x000002a4   0x000002a4   0x00000000   Code   RO          161    .ARM.Collect$$_printf_percent$$00000000  c_w.l(_printf_percent.o)
    0x000002a4   0x000002a4   0x00000006   Code   RO          160    .ARM.Collect$$_printf_percent$$00000009  c_w.l(_printf_d.o)
    0x000002aa   0x000002aa   0x00000004   Code   RO          191    .ARM.Collect$$_printf_percent$$00000017  c_w.l(_printf_percent_end.o)
    0x000002ae   0x000002ae   0x00000002   Code   RO          223    .ARM.Collect$$libinit$$00000000  c_w.l(libinit.o)
    0x000002b0   0x000002b0   0x00000004   Code   RO          229    .ARM.Collect$$libinit$$00000001  c_w.l(libinit2.o)
    0x000002b4   0x000002b4   0x00000000   Code   RO          232    .ARM.Collect$$libinit$$00000004  c_w.l(libinit2.o)
    0x000002b4   0x000002b4   0x00000000   Code   RO          235    .ARM.Collect$$libinit$$0000000A  c_w.l(libinit2.o)
    0x000002b4   0x000002b4   0x00000000   Code   RO          237    .ARM.Collect$$libinit$$0000000C  c_w.l(libinit2.o)
    0x000002b4   0x000002b4   0x00000000   Code   RO          239    .ARM.Collect$$libinit$$0000000E  c_w.l(libinit2.o)
    0x000002b4   0x000002b4   0x00000000   Code   RO          242    .ARM.Collect$$libinit$$00000011  c_w.l(libinit2.o)
    0x000002b4   0x000002b4   0x00000000   Code   RO          244    .ARM.Collect$$libinit$$00000013  c_w.l(libinit2.o)
    0x000002b4   0x000002b4   0x00000000   Code   RO          246    .ARM.Collect$$libinit$$00000015  c_w.l(libinit2.o)
    0x000002b4   0x000002b4   0x00000000   Code   RO          248    .ARM.Collect$$libinit$$00000017  c_w.l(libinit2.o)
    0x000002b4   0x000002b4   0x00000000   Code   RO          250    .ARM.Collect$$libinit$$00000019  c_w.l(libinit2.o)
    0x000002b4   0x000002b4   0x00000000   Code   RO          252    .ARM.Collect$$libinit$$0000001B  c_w.l(libinit2.o)
    0x000002b4   0x000002b4   0x00000000   Code   RO          254    .ARM.Collect$$libinit$$0000001D  c_w.l(libinit2.o)
    0x000002b4   0x000002b4   0x00000000   Code   RO          256    .ARM.Collect$$libinit$$0000001F  c_w.l(libinit2.o)
    0x000002b4   0x000002b4   0x00000000   Code   RO          258    .ARM.Collect$$libinit$$00000021  c_w.l(libinit2.o)
    0x000002b4   0x000002b4   0x00000000   Code   RO          260    .ARM.Collect$$libinit$$00000023  c_w.l(libinit2.o)
    0x000002b4   0x000002b4   0x00000000   Code   RO          262    .ARM.Collect$$libinit$$00000025  c_w.l(libinit2.o)
    0x000002b4   0x000002b4   0x00000000   Code   RO          266    .ARM.Collect$$libinit$$0000002C  c_w.l(libinit2.o)
    0x000002b4   0x000002b4   0x00000000   Code   RO          268    .ARM.Collect$$libinit$$0000002E  c_w.l(libinit2.o)
    0x000002b4   0x000002b4   0x00000000   Code   RO          270    .ARM.Collect$$libinit$$00000030  c_w.l(libinit2.o)
    0x000002b4   0x000002b4   0x00000000   Code   RO          272    .ARM.Collect$$libinit$$00000032  c_w.l(libinit2.o)
    0x000002b4   0x000002b4   0x00000002   Code   RO          273    .ARM.Collect$$libinit$$00000033  c_w.l(libinit2.o)
    0x000002b6   0x000002b6   0x00000002   Code   RO          293    .ARM.Collect$$libshutdown$$00000000  c_w.l(libshutdown.o)
    0x000002b8   0x000002b8   0x00000000   Code   RO          306    .ARM.Collect$$libshutdown$$00000002  c_w.l(libshutdown2.o)
    0x000002b8   0x000002b8   0x00000000   Code   RO          308    .ARM.Collect$$libshutdown$$00000004  c_w.l(libshutdown2.o)
    0x000002b8   0x000002b8   0x00000000   Code   RO          310    .ARM.Collect$$libshutdown$$00000006  c_w.l(libshutdown2.o)
    0x000002b8   0x000002b8   0x00000000   Code   RO          313    .ARM.Collect$$libshutdown$$00000009  c_w.l(libshutdown2.o)
    0x000002b8   0x000002b8   0x00000000   Code   RO          316    .ARM.Collect$$libshutdown$$0000000C  c_w.l(libshutdown2.o)
    0x000002b8   0x000002b8   0x00000000   Code   RO          318    .ARM.Collect$$libshutdown$$0000000E  c_w.l(libshutdown2.o)
    0x000002b8   0x000002b8   0x00000000   Code   RO          321    .ARM.Collect$$libshutdown$$00000011  c_w.l(libshutdown2.o)
    0x000002b8   0x000002b8   0x00000002   Code   RO          322    .ARM.Collect$$libshutdown$$00000012  c_w.l(libshutdown2.o)
    0x000002ba   0x000002ba   0x00000000   Code   RO          184    .ARM.Collect$$rtentry$$00000000  c_w.l(__rtentry.o)
    0x000002ba   0x000002ba   0x00000000   Code   RO          198    .ARM.Collect$$rtentry$$00000002  c_w.l(__rtentry2.o)
    0x000002ba   0x000002ba   0x00000006   Code   RO          210    .ARM.Collect$$rtentry$$00000004  c_w.l(__rtentry4.o)
    0x000002c0   0x000002c0   0x00000000   Code   RO          200    .ARM.Collect$$rtentry$$00000009  c_w.l(__rtentry2.o)
    0x000002c0   0x000002c0   0x00000004   Code   RO          201    .ARM.Collect$$rtentry$$0000000A  c_w.l(__rtentry2.o)
    0x000002c4   0x000002c4   0x00000000   Code   RO          203    .ARM.Collect$$rtentry$$0000000C  c_w.l(__rtentry2.o)
    0x000002c4   0x000002c4   0x00000008   Code   RO          204    .ARM.Collect$$rtentry$$0000000D  c_w.l(__rtentry2.o)
    0x000002cc   0x000002cc   0x00000002   Code   RO          227    .ARM.Collect$$rtexit$$00000000  c_w.l(rtexit.o)
    0x000002ce   0x000002ce   0x00000000   Code   RO          275    .ARM.Collect$$rtexit$$00000002  c_w.l(rtexit2.o)
    0x000002ce   0x000002ce   0x00000004   Code   RO          276    .ARM.Collect$$rtexit$$00000003  c_w.l(rtexit2.o)
    0x000002d2   0x000002d2   0x00000006   Code   RO          277    .ARM.Collect$$rtexit$$00000004  c_w.l(rtexit2.o)
    0x000002d8   0x000002d8   0x00000030   Code   RO            4    .text               startup.o
    0x00000308   0x00000308   0x000001e4   Code   RO           12    .text               utils.o
    0x000004ec   0x000004ec   0x00000028   Code   RO          134    .text               c_w.l(noretval__2sprintf.o)
    0x00000514   0x00000514   0x00000068   Code   RO          136    .text               c_w.l(__printf.o)
    0x0000057c   0x0000057c   0x00000078   Code   RO          138    .text               c_w.l(_printf_dec.o)
    0x000005f4   0x000005f4   0x00000006   Code   RO          162    .text               c_w.l(heapauxi.o)
    0x000005fa   0x000005fa   0x000000b2   Code   RO          185    .text               c_w.l(_printf_intcommon.o)
    0x000006ac   0x000006ac   0x00000030   Code   RO          187    .text               c_w.l(_printf_char_common.o)
    0x000006dc   0x000006dc   0x0000000a   Code   RO          189    .text               c_w.l(_sputc.o)
    0x000006e6   0x000006e6   0x0000004a   Code   RO          214    .text               c_w.l(sys_stackheap_outer.o)
    0x00000730   0x00000730   0x00000012   Code   RO          216    .text               c_w.l(exit.o)
    0x00000742   0x00000742   0x00000002   PAD
    0x00000744   0x00000744   0x00000008   Code   RO          224    .text               c_w.l(libspace.o)
    0x0000074c   0x0000074c   0x0000000c   Code   RO          285    .text               c_w.l(sys_exit.o)
    0x00000758   0x00000758   0x00000002   Code   RO          296    .text               c_w.l(use_no_semi.o)
    0x0000075a   0x0000075a   0x00000000   Code   RO          298    .text               c_w.l(indicate_semi.o)
    0x0000075a   0x0000075a   0x00000002   PAD
    0x0000075c   0x0000075c   0x0000013c   Code   RO           67    i.GPIO_Init         gpio.o
    0x00000898   0x00000898   0x00000094   Code   RO           68    i.LCD_Init          gpio.o
    0x0000092c   0x0000092c   0x00000068   Code   RO           70    i.Timer0A_Handler   gpio.o
    0x00000994   0x00000994   0x00000068   Code   RO           71    i.Timer2A_Handler   gpio.o
    0x000009fc   0x000009fc   0x00000018   Code   RO           15    i.calculaDuty       main.o
    0x00000a14   0x00000a14   0x00000034   Code   RO           16    i.colocarEstado     main.o
    0x00000a48   0x00000a48   0x00000030   Code   RO           72    i.escreveLCD        gpio.o
    0x00000a78   0x00000a78   0x000001f8   Code   RO           17    i.main              main.o
    0x00000c70   0x00000c70   0x000000bc   Code   RO           18    i.mostrarInformacao  main.o
    0x00000d2c   0x00000d2c   0x00000018   Code   RO           19    i.printLCD          main.o
    0x00000d44   0x00000d44   0x00000030   Code   RO           73    i.pulaLinha         gpio.o
    0x00000d74   0x00000d74   0x00000188   Code   RO           75    i.varreTeclado      gpio.o
    0x00000efc   0x00000efc   0x00000150   Code   RO          166    x$fpl$dadd          fz_wm.l(daddsub_clz.o)
    0x0000104c   0x0000104c   0x0000005e   Code   RO          172    x$fpl$dfix          fz_wm.l(dfix.o)
    0x000010aa   0x000010aa   0x0000002e   Code   RO          177    x$fpl$dflt          fz_wm.l(dflt_clz.o)
    0x000010d8   0x000010d8   0x00000154   Code   RO          182    x$fpl$dmul          fz_wm.l(dmul.o)
    0x0000122c   0x0000122c   0x0000009c   Code   RO          192    x$fpl$dnaninf       fz_wm.l(dnaninf.o)
    0x000012c8   0x000012c8   0x0000000c   Code   RO          194    x$fpl$dretinf       fz_wm.l(dretinf.o)
    0x000012d4   0x000012d4   0x000001d4   Code   RO          168    x$fpl$dsub          fz_wm.l(daddsub_clz.o)
    0x000014a8   0x000014a8   0x0000000a   Code   RO          283    x$fpl$fpinit        fz_wm.l(fpinit.o)
    0x000014b2   0x000014b2   0x00000000   Code   RO          196    x$fpl$usenofp       fz_wm.l(usenofp.o)
    0x000014b2   0x000014b2   0x00000002   PAD
    0x000014b4   0x000014b4   0x00000020   Data   RO          353    Region$$Table       anon$$obj.o


    Execution Region ER_RW (Exec base: 0x20000000, Load base: 0x000014d4, Size: 0x00000020, Max: 0xffffffff, ABSOLUTE)

    Exec Addr    Load Addr    Size         Type   Attr      Idx    E Section Name        Object

    0x20000000   0x000014d4   0x00000010   Data   RW           21    .data               main.o
    0x20000010   0x000014e4   0x00000010   Data   RW           76    .data               gpio.o


    Execution Region ER_ZI (Exec base: 0x20000020, Load base: 0x000014f4, Size: 0x00000478, Max: 0xffffffff, ABSOLUTE)

    Exec Addr    Load Addr    Size         Type   Attr      Idx    E Section Name        Object

    0x20000020        -       0x00000014   Zero   RW           20    .bss                main.o
    0x20000034        -       0x00000060   Zero   RW          225    .bss                c_w.l(libspace.o)
    0x20000094   0x000014f4   0x00000004   PAD
    0x20000098        -       0x00000000   Zero   RW            2    HEAP                startup.o
    0x20000098        -       0x00000400   Zero   RW            1    STACK               startup.o


==============================================================================

Image component sizes


      Code (inc. data)   RO Data    RW Data    ZI Data      Debug   Object Name

      1160        146          0         16          0       4285   gpio.o
       792        138          0         16         20       5250   main.o
       608        532          0          0       1024       1056   startup.o
       484         92          0          0          0        388   utils.o

    ----------------------------------------------------------------------
      3044        908         32         32       1044      10979   Object Totals
         0          0         32          0          0          0   (incl. Generated)
         0          0          0          0          0          0   (incl. Padding)

    ----------------------------------------------------------------------

      Code (inc. data)   RO Data    RW Data    ZI Data      Debug   Library Member Name

         8          0          0          0          0         68   __main.o
       104          0          0          0          0         84   __printf.o
         0          0          0          0          0          0   __rtentry.o
        12          0          0          0          0          0   __rtentry2.o
         6          0          0          0          0          0   __rtentry4.o
        52          8          0          0          0          0   __scatter.o
        26          0          0          0          0          0   __scatter_copy.o
        28          0          0          0          0          0   __scatter_zi.o
        48          6          0          0          0         96   _printf_char_common.o
         6          0          0          0          0          0   _printf_d.o
       120         16          0          0          0         92   _printf_dec.o
       178          0          0          0          0         88   _printf_intcommon.o
         0          0          0          0          0          0   _printf_percent.o
         4          0          0          0          0          0   _printf_percent_end.o
        10          0          0          0          0         68   _sputc.o
        18          0          0          0          0         80   exit.o
         6          0          0          0          0        152   heapauxi.o
         0          0          0          0          0          0   indicate_semi.o
         2          0          0          0          0          0   libinit.o
         6          0          0          0          0          0   libinit2.o
         2          0          0          0          0          0   libshutdown.o
         2          0          0          0          0          0   libshutdown2.o
         8          4          0          0         96         68   libspace.o
        40          6          0          0          0         84   noretval__2sprintf.o
         2          0          0          0          0          0   rtexit.o
        10          0          0          0          0          0   rtexit2.o
        12          4          0          0          0         68   sys_exit.o
        74          0          0          0          0         80   sys_stackheap_outer.o
         2          0          0          0          0         68   use_no_semi.o
       804         16          0          0          0        368   daddsub_clz.o
        94          4          0          0          0        140   dfix.o
        46          0          0          0          0        116   dflt_clz.o
       340         12          0          0          0        152   dmul.o
       156          4          0          0          0        140   dnaninf.o
        12          0          0          0          0        116   dretinf.o
        10          0          0          0          0        116   fpinit.o
         0          0          0          0          0          0   usenofp.o

    ----------------------------------------------------------------------
      2256         80          0          0        100       2244   Library Totals
         8          0          0          0          4          0   (incl. Padding)

    ----------------------------------------------------------------------

      Code (inc. data)   RO Data    RW Data    ZI Data      Debug   Library Name

       786         44          0          0         96       1096   c_w.l
      1462         36          0          0          0       1148   fz_wm.l

    ----------------------------------------------------------------------
      2256         80          0          0        100       2244   Library Totals

    ----------------------------------------------------------------------

==============================================================================


      Code (inc. data)   RO Data    RW Data    ZI Data      Debug   

      5300        988         32         32       1144      11155   Grand Totals
      5300        988         32         32       1144      11155   ELF Image Totals
      5300        988         32         32          0          0   ROM Totals

==============================================================================

    Total RO  Size (Code + RO Data)                 5332 (   5.21kB)
    Total RW  Size (RW Data + ZI Data)              1176 (   1.15kB)
    Total ROM Size (Code + RO Data + RW Data)       5364 (   5.24kB)

==============================================================================

